// Jest Snapshot v1, https://goo.gl/fbAQLP

exports[`Investigation details panel component renders correctly 1`] = `
<DocumentFragment>
  <div
    class="MuiGrid-root MuiGrid-container MuiGrid-direction-xs-column css-jddpo1-MuiGrid-root"
    data-testid="investigation-details-panel"
    id="details-panel"
  >
    <div
      class="MuiGrid-root MuiGrid-item MuiGrid-grid-xs-true css-1vd824g-MuiGrid-root"
    >
      <h6
        class="MuiTypography-root MuiTypography-h6 css-2ulfj5-MuiTypography-root"
      >
        <b>
          Test 1
        </b>
      </h6>
      <hr
        class="MuiDivider-root MuiDivider-fullWidth css-k7lt0k-MuiDivider-root"
      />
    </div>
    <div
      class="MuiGrid-root MuiGrid-item MuiGrid-grid-xs-true css-1vd824g-MuiGrid-root"
    >
      <span
        class="MuiTypography-root MuiTypography-overline css-b3fch5-MuiTypography-root"
      >
        investigations.details.name
      </span>
      <p
        class="MuiTypography-root MuiTypography-body1 css-ahj2mt-MuiTypography-root"
      >
        <b>
          Test 1
        </b>
      </p>
    </div>
    <div
      class="MuiGrid-root MuiGrid-item MuiGrid-grid-xs-true css-1vd824g-MuiGrid-root"
    >
      <span
        class="MuiTypography-root MuiTypography-overline css-b3fch5-MuiTypography-root"
      >
        investigations.details.start_date
      </span>
      <p
        class="MuiTypography-root MuiTypography-body1 css-ahj2mt-MuiTypography-root"
      >
        <b>
          2019-06-10
        </b>
      </p>
    </div>
    <div
      class="MuiGrid-root MuiGrid-item MuiGrid-grid-xs-true css-1vd824g-MuiGrid-root"
    >
      <span
        class="MuiTypography-root MuiTypography-overline css-b3fch5-MuiTypography-root"
      >
        investigations.details.end_date
      </span>
      <p
        class="MuiTypography-root MuiTypography-body1 css-ahj2mt-MuiTypography-root"
      >
        <b>
          2019-06-11
        </b>
      </p>
    </div>
  </div>
</DocumentFragment>
`;
